// Jest Snapshot v1, https://goo.gl/fbAQLP

exports[`<EventDrivenComponent> - should render ok 1`] = `null`;
